#-----------------------------------------------------------
# xsim v2025.2 (64-bit)
# SW Build 6299465 on Fri Nov 14 19:35:11 GMT 2025
# IP Build 6300035 on Fri Nov 14 10:48:45 MST 2025
# SharedData Build 6298862 on Thu Nov 13 04:50:51 MST 2025
# Start of session at: Tue Mar 17 20:04:06 2026
# Process ID         : 32560
# Current directory  : D:/3-Stage-Pipeline/Pipeline_via_terminal/simulation
# Command line       : xsim.exe -log stdout -mode tcl -source {xsim.dir/riscv_sim/xsim_script.tcl}
# Log file           : D:/3-Stage-Pipeline/Pipeline_via_terminal/simulation/stdout
# Journal file       : D:/3-Stage-Pipeline/Pipeline_via_terminal/simulation\xsim.jou
# Running On         : LAPTOP-PEJA2QNK
# Platform           : Windows Server 2016 or Windows 10
# Operating System   : 26200
# Processor Detail   : 13th Gen Intel(R) Core(TM) i5-13500H
# CPU Frequency      : 3187 MHz
# CPU Physical cores : 12
# CPU Logical cores  : 16
# Host memory        : 16890 MB
# Swap memory        : 13421 MB
# Total Virtual      : 30312 MB
# Available Virtual  : 12409 MB
#-----------------------------------------------------------
source xsim.dir/riscv_sim/xsim_script.tcl
run -all
